$^TOPX: possibly delisted; no price data found  (period=5y)
HTTP Error 404: {"quoteSummary":{"result":null,"error":{"code":"Not Found","description":"Quote not found for symbol: 998405.T"}}}
$998405.T: possibly delisted; no price data found  (period=5y) (Yahoo error = "No data found, symbol may be delisted")

2 Failed downloads:
['^TOPX']: possibly delisted; no price data found  (period=5y)
['998405.T']: possibly delisted; no price data found  (period=5y) (Yahoo error = "No data found, symbol may be delisted")
Installing signal definition: 月足RSI14 × RSI14の5か月SMA (tv_wilder_rsi14_sma5_v1)
対象銘柄: 1563
monthly: batch 1/20 (80 symbols)
monthly: batch 2/20 (80 symbols)
monthly: batch 3/20 (80 symbols)
monthly: batch 4/20 (80 symbols)
monthly: batch 5/20 (80 symbols)
monthly: batch 6/20 (80 symbols)
monthly: batch 7/20 (80 symbols)
monthly: batch 8/20 (80 symbols)
monthly: batch 9/20 (80 symbols)
monthly: batch 10/20 (80 symbols)
monthly: batch 11/20 (80 symbols)
monthly: batch 12/20 (80 symbols)
monthly: batch 13/20 (80 symbols)
monthly: batch 14/20 (80 symbols)
monthly: batch 15/20 (80 symbols)
monthly: batch 16/20 (80 symbols)
monthly: batch 17/20 (80 symbols)
monthly: batch 18/20 (80 symbols)
monthly: batch 19/20 (80 symbols)
monthly: batch 20/20 (43 symbols)
daily: batch 1/20 (80 symbols)
daily: batch 2/20 (80 symbols)
daily: batch 3/20 (80 symbols)
daily: batch 4/20 (80 symbols)
daily: batch 5/20 (80 symbols)
daily: batch 6/20 (80 symbols)
daily: batch 7/20 (80 symbols)
daily: batch 8/20 (80 symbols)
daily: batch 9/20 (80 symbols)
daily: batch 10/20 (80 symbols)
daily: batch 11/20 (80 symbols)
daily: batch 12/20 (80 symbols)
daily: batch 13/20 (80 symbols)
daily: batch 14/20 (80 symbols)
daily: batch 15/20 (80 symbols)
daily: batch 16/20 (80 symbols)
daily: batch 17/20 (80 symbols)
daily: batch 18/20 (80 symbols)
daily: batch 19/20 (80 symbols)
daily: batch 20/20 (20 symbols)
財務情報: Yahooキャッシュのみ利用（0/1537銘柄、外部再取得なし）

完了
シグナル月: 2026-06
対象: 360 / NEW: 146 / OUT: 151
上昇: 249 / 下落: 111 / エラー: 20
Generated all public data with signal_version=tv_wilder_rsi14_sma5_v1
